     1                                  
     2                                  section	.text
     3                                  global  removerng
     4                                  
     5                                  removerng:
     6 00000000 55                      	push	ebp
     7 00000001 89E5                    	mov		ebp, 	esp
     8 00000003 8B4508                  	mov		eax, 	DWORD [ebp+8]	; eax <- address of str
     9                                  	
    10                                  letterCheck:
    11 00000006 89C2                    	mov		edx,	eax
    12 00000008 8A08                    	mov 	cl,		[eax]
    13 0000000A 84C9                    	test	cl,		cl
    14 0000000C 7419                    	jz		end
    15 0000000E 3A4D0C                  	cmp		cl,		[ebp+12]
    16 00000011 7C05                    	jl		skip
    17 00000013 3A4D10                  	cmp 	cl,		[ebp+16]
    18 00000016 7E03                    	jle		remove
    19                                  skip:
    20 00000018 40                      	inc		eax
    21 00000019 EBEB                    	jmp		letterCheck
    22                                  	
    23                                  remove:
    24 0000001B 8A4A01                  	mov 	cl,		[edx+1]
    25 0000001E 880A                    	mov		[edx],	cl
    26 00000020 42                      	inc		edx
    27 00000021 84C9                    	test	cl,		cl
    28 00000023 75F6                    	jnz		remove
    29 00000025 EBDF                    	jmp 	letterCheck
    30                                  	
    31                                  end:
    32 00000027 8B4508                  	mov		eax, 	[ebp+8]
    33 0000002A 5D                      	pop		ebp
    34 0000002B C3                      	ret
